Godot Engine v4.7.2.stable.official.ed1daf0bf - https://godotengine.org

[   0% ] [90m[1mfirst_scan_filesystem[22m | Started Project initialization (5 steps)[39m[0m
[   0% ] [90m[1mfirst_scan_filesystem[22m | Scanning file structure...[39m[0m
[  16% ] [90m[1mfirst_scan_filesystem[22m | Loading global class names...[39m[0m
[  33% ] [90m[1mfirst_scan_filesystem[22m | Verifying GDExtensions...[39m[0m
[  50% ] [90m[1mfirst_scan_filesystem[22m | Creating autoload scripts...[39m[0m
[  66% ] [90m[1mfirst_scan_filesystem[22m | Initializing plugins...[39m[0m
[  83% ] [90m[1mfirst_scan_filesystem[22m | Starting file scan...[39m[0m
[92m[ DONE ][39m [1mfirst_scan_filesystem[22m
[0m
[   0% ] [90m[1mupdate_scripts_classes[22m | Started Registering global classes... (2 steps)[39m[0m
[   0% ] [90m[1mupdate_scripts_classes[22m | [39m[0m
[  33% ] [90m[1mupdate_scripts_classes[22m | [39m[0m
[92m[ DONE ][39m [1mupdate_scripts_classes[22m
[0m
[   0% ] [90m[1m_update_scan_actions[22m | Started Scanning actions... (2 steps)[39m[0m
[   0% ] [90m[1m_update_scan_actions[22m | cedar_generated_source_v1.png[39m[0m
[  33% ] [90m[1m_update_scan_actions[22m | cedar_painted.png[39m[0m
[92m[ DONE ][39m [1m_update_scan_actions[22m
[0m
[   0% ] [90m[1mreimport[22m | Started (Re)Importing Assets (2 steps)[39m[0m
[   0% ] [90m[1mreimport[22m | Preparing files to reimport...[39m[0m
[  33% ] [90m[1mreimport[22m | Preparing files to reimport...[39m[0m
[   0% ] [90m[1mreimport[22m | Executing pre-reimport operations...[39m[0m
[   0% ] [90m[1mreimport[22m | cedar_generated_source_v1.png[39m[0m
[  33% ] [90m[1mreimport[22m | cedar_painted.png[39m[0m
[  66% ] [90m[1mreimport[22m | Finalizing Asset Import...[39m[0m
[92m[ DONE ][39m [1mreimport[22m
[0m
[   0% ] [90m[1mreimport[22m | Started (Re)Importing Assets (2 steps)[39m[0m
[   0% ] [90m[1mreimport[22m | Executing post-reimport operations...[39m[0m
[92m[ DONE ][39m [1mreimport[22m
[0m
WARNING: Case mismatch opening requested file '/private/tmp/willicat_fidelity_project/Scripts/AudioManager.gd', stored as '/private/tmp/willicat_fidelity_project/scripts/AudioManager.gd' in the filesystem. This file will not open when exported to other case-sensitive platforms.
     at: open_internal (drivers/unix/file_access_unix.cpp:112)
WARNING: Case mismatch opening requested file '/private/tmp/willicat_fidelity_project/Scripts/SceneTransition.gd', stored as '/private/tmp/willicat_fidelity_project/scripts/SceneTransition.gd' in the filesystem. This file will not open when exported to other case-sensitive platforms.
     at: open_internal (drivers/unix/file_access_unix.cpp:112)
WARNING: Case mismatch opening requested file '/private/tmp/willicat_fidelity_project/Scripts/Coin.gd', stored as '/private/tmp/willicat_fidelity_project/scripts/Coin.gd' in the filesystem. This file will not open when exported to other case-sensitive platforms.
     at: open_internal (drivers/unix/file_access_unix.cpp:112)
WARNING: Case mismatch opening requested file '/private/tmp/willicat_fidelity_project/Scripts/LevelFinishDoor.gd', stored as '/private/tmp/willicat_fidelity_project/scripts/LevelFinishDoor.gd' in the filesystem. This file will not open when exported to other case-sensitive platforms.
     at: open_internal (drivers/unix/file_access_unix.cpp:112)
WARNING: Case mismatch opening requested file '/private/tmp/willicat_fidelity_project/Scripts/player.gd', stored as '/private/tmp/willicat_fidelity_project/scripts/player.gd' in the filesystem. This file will not open when exported to other case-sensitive platforms.
     at: open_internal (drivers/unix/file_access_unix.cpp:112)
[   0% ] [90m[1mloading_editor_layout[22m | Started Loading editor (5 steps)[39m[0m
[   0% ] [90m[1mloading_editor_layout[22m | Loading editor layout...[39m[0m
[  16% ] [90m[1mloading_editor_layout[22m | Loading docks...[39m[0m
[92m[ DONE ][39m [1mloading_editor_layout[22m
[0m
