Godot Engine v4.7.2.stable.official.ed1daf0bf - https://godotengine.org

[   0% ] [90m[1mfirst_scan_filesystem[22m | Started Project initialization (5 steps)[39m[0m
[   0% ] [90m[1mfirst_scan_filesystem[22m | Scanning file structure...[39m[0m
[  16% ] [90m[1mfirst_scan_filesystem[22m | Loading global class names...[39m[0m
[  33% ] [90m[1mfirst_scan_filesystem[22m | Verifying GDExtensions...[39m[0m
[  50% ] [90m[1mfirst_scan_filesystem[22m | Creating autoload scripts...[39m[0m
[  66% ] [90m[1mfirst_scan_filesystem[22m | Initializing plugins...[39m[0m
[  83% ] [90m[1mfirst_scan_filesystem[22m | Starting file scan...[39m[0m
[92m[ DONE ][39m [1mfirst_scan_filesystem[22m
[0m
[   0% ] [90m[1mupdate_scripts_classes[22m | Started Registering global classes... (10 steps)[39m[0m
[   0% ] [90m[1mupdate_scripts_classes[22m | [39m[0m
[   9% ] [90m[1mupdate_scripts_classes[22m | [39m[0m
[  18% ] [90m[1mupdate_scripts_classes[22m | WilliCatFocusService[39m[0m
[  27% ] [90m[1mupdate_scripts_classes[22m | WilliCatFocusSession[39m[0m
[  36% ] [90m[1mupdate_scripts_classes[22m | [39m[0m
[  45% ] [90m[1mupdate_scripts_classes[22m | [39m[0m
[  54% ] [90m[1mupdate_scripts_classes[22m | [39m[0m
[  63% ] [90m[1mupdate_scripts_classes[22m | [39m[0m
[  72% ] [90m[1mupdate_scripts_classes[22m | [39m[0m
[  81% ] [90m[1mupdate_scripts_classes[22m | [39m[0m
[92m[ DONE ][39m [1mupdate_scripts_classes[22m
[0m
[   0% ] [90m[1mreimport[22m | Started (Re)Importing Assets (1 steps)[39m[0m
[   0% ] [90m[1mreimport[22m | Preparing files to reimport...[39m[0m
[   0% ] [90m[1mreimport[22m | Executing pre-reimport operations...[39m[0m
[   0% ] [90m[1mreimport[22m | WC_CAFE_Calibration_Table_A.glb[39m[0m
[   0% ] [90m[1mimport[22m | Started Import Scene (104 steps)[39m[0m
[   0% ] [90m[1mimport[22m | Importing Scene...[39m[0m
[   1% ] [90m[1mimport[22m | Running Custom Script...[39m[0m
[  99% ] [90m[1mimport[22m | Saving...[39m[0m
[92m[ DONE ][39m [1mimport[22m
[0m
[  50% ] [90m[1mreimport[22m | Finalizing Asset Import...[39m[0m
[92m[ DONE ][39m [1mreimport[22m
[0m
[   0% ] [90m[1mreimport[22m | Started (Re)Importing Assets (1 steps)[39m[0m
[   0% ] [90m[1mreimport[22m | Executing post-reimport operations...[39m[0m
[92m[ DONE ][39m [1mreimport[22m
[0m
WARNING: Case mismatch opening requested file '/private/tmp/willicat_blender_kit_project/Scripts/AudioManager.gd', stored as '/private/tmp/willicat_blender_kit_project/scripts/AudioManager.gd' in the filesystem. This file will not open when exported to other case-sensitive platforms.
     at: open_internal (drivers/unix/file_access_unix.cpp:112)
WARNING: Case mismatch opening requested file '/private/tmp/willicat_blender_kit_project/Scripts/SceneTransition.gd', stored as '/private/tmp/willicat_blender_kit_project/scripts/SceneTransition.gd' in the filesystem. This file will not open when exported to other case-sensitive platforms.
     at: open_internal (drivers/unix/file_access_unix.cpp:112)
WARNING: Case mismatch opening requested file '/private/tmp/willicat_blender_kit_project/Scripts/Coin.gd', stored as '/private/tmp/willicat_blender_kit_project/scripts/Coin.gd' in the filesystem. This file will not open when exported to other case-sensitive platforms.
     at: open_internal (drivers/unix/file_access_unix.cpp:112)
WARNING: Case mismatch opening requested file '/private/tmp/willicat_blender_kit_project/Scripts/LevelFinishDoor.gd', stored as '/private/tmp/willicat_blender_kit_project/scripts/LevelFinishDoor.gd' in the filesystem. This file will not open when exported to other case-sensitive platforms.
     at: open_internal (drivers/unix/file_access_unix.cpp:112)
WARNING: Case mismatch opening requested file '/private/tmp/willicat_blender_kit_project/Scripts/player.gd', stored as '/private/tmp/willicat_blender_kit_project/scripts/player.gd' in the filesystem. This file will not open when exported to other case-sensitive platforms.
     at: open_internal (drivers/unix/file_access_unix.cpp:112)
[   0% ] [90m[1mloading_editor_layout[22m | Started Loading editor (5 steps)[39m[0m
[   0% ] [90m[1mloading_editor_layout[22m | Loading editor layout...[39m[0m
[  16% ] [90m[1mloading_editor_layout[22m | Loading docks...[39m[0m
[92m[ DONE ][39m [1mloading_editor_layout[22m
[0m
