Godot Engine v4.7.2.stable.official.ed1daf0bf - https://godotengine.org

HARDENING nav revision=1 polygons=37 obstructions=14
HARDENING nav revision=2 polygons=37 obstructions=14
PLACEHOLDER Ready | coins 0
EXECUTED_ASSERTION 1
EXECUTED_ASSERTION 2
EXECUTED_ASSERTION 3
EXECUTED_ASSERTION 4
EXECUTED_ASSERTION 5
EXECUTED_ASSERTION 6
EXECUTED_ASSERTION 7
EXECUTED_ASSERTION 8
EXECUTED_ASSERTION 9
EXECUTED_ASSERTION 10
EXECUTED_ASSERTION 11
EXECUTED_ASSERTION 12
EXECUTED_ASSERTION 13
EXECUTED_ASSERTION 14
EXECUTED_ASSERTION 15
EXECUTED_ASSERTION 16
PLACEHOLDER Customer enters
PLACEHOLDER Customer orders coffee
PLACEHOLDER Coffee order → brewing
PLACEHOLDER Mochi prepares coffee
PLACEHOLDER Coffee ready → carrying
PLACEHOLDER Mochi serves customer
PLACEHOLDER Customer sits
PLACEHOLDER Customer leaves
PLACEHOLDER Mochi returns idle
PLACEHOLDER Order complete | coins 1
PLACEHOLDER Ready for next customer
EXECUTED_ASSERTION 17
EXECUTED_ASSERTION 18
EXECUTED_ASSERTION 19
EXECUTED_ASSERTION 20
EXECUTED_ASSERTION 21
EXECUTED_ASSERTION 22
EXECUTED_ASSERTION 23
HARDENING nav revision=3 polygons=37 obstructions=14
EXECUTED_ASSERTION 24
EXECUTED_ASSERTION 25
EXECUTED_ASSERTION 26
EXECUTED_ASSERTION 27
PLACEHOLDER Saved user://willicat_proxy_cafe_test_v1.save
EXECUTED_ASSERTION 28
EXECUTED_ASSERTION 29
HARDENING nav revision=1 polygons=12 obstructions=4
HARDENING nav revision=2 polygons=12 obstructions=4
PLACEHOLDER Ready | coins 1
EXECUTED_ASSERTION 30
EXECUTED_ASSERTION 31
EXECUTED_ASSERTION 32
EXECUTED_ASSERTION 33
PLACEHOLDER Saved user://willicat_proxy_cafe_test_v1.save.garden
EXECUTED_ASSERTION 34
HARDENING nav revision=1 polygons=37 obstructions=14
HARDENING nav revision=2 polygons=37 obstructions=14
PLACEHOLDER Ready | coins 1
EXECUTED_ASSERTION 35
EXECUTED_ASSERTION 36
EXECUTED_ASSERTION 37
HARDENING nav revision=1 polygons=12 obstructions=4
HARDENING nav revision=2 polygons=12 obstructions=4
PLACEHOLDER Ready | coins 1
PLACEHOLDER Loaded home_cafe_garden | coins 1
EXECUTED_ASSERTION 38
EXECUTED_ASSERTION 39
EXECUTED_ASSERTION 40
PLACEHOLDER Garden: Mochi sniffs the plants
EXECUTED_ASSERTION 41
HARDENING nav revision=1 polygons=37 obstructions=14
HARDENING nav revision=2 polygons=37 obstructions=14
PLACEHOLDER Ready | coins 1
PLACEHOLDER Loaded home_cafe_main | coins 1
EXECUTED_ASSERTION 42
EXECUTED_ASSERTION 43
EXECUTED_ASSERTION 44
EXECUTED_ASSERTION 45
EXECUTED_ASSERTION 46
EXECUTED_ASSERTION 47
EXECUTED_ASSERTION 48
PLACEHOLDER Customer enters
PLACEHOLDER Customer orders coffee
PLACEHOLDER Coffee order → brewing
PLACEHOLDER Mochi prepares coffee
PLACEHOLDER Coffee ready → carrying
PLACEHOLDER Mochi serves customer
PLACEHOLDER Customer sits
PLACEHOLDER Customer leaves
PLACEHOLDER Mochi returns idle
PLACEHOLDER Order complete | coins 2
PLACEHOLDER Ready for next customer
EXECUTED_ASSERTION 49
--- PROXY CAFE PROOF V1 PASSED ---
