Godot Engine v4.7.2.stable.official.ed1daf0bf - https://godotengine.org

HARDENING nav revision=1 polygons=21 obstructions=8
HARDENING event variant=false
HARDENING room ready nav=1
EXECUTED_ASSERTION 1
EXECUTED_ASSERTION 2
HARDENING nav iteration=2 map=RID(824633720832) regionmap=RID(824633720832) worldmap=RID(824633720832) nearest=(75.0, 455.0)/(445.0, 455.0)
HARDENING nav regions=[RID(120259084288)] vertices=[(369.0, 676.5), (180.0, 615.0), (350.0, 610.0), (420.0, 610.0), (421.0, 676.5), (467.0, 383.5), (467.0, 336.5), (489.0, 31.0), (489.0, 819.0), (31.0, 819.0), (170.0, 750.5), (369.0, 723.5)] enabled=true map_active=true region_iteration=1 region_point=(75.0, 455.0)
HARDENING table path=[(75.00002, 455.0), (85.25536, 457.4078), (190.0, 482.0), (320.0, 482.0), (445.0, 455.0)] footprint=[P: (201.0, 391.0), S: (108.0, 80.0)]
EXECUTED_ASSERTION 3
EXECUTED_ASSERTION 4
EXECUTED_ASSERTION 5
EXECUTED_ASSERTION 6
EXECUTED_ASSERTION 7
EXECUTED_ASSERTION 8
EXECUTED_ASSERTION 9
EXECUTED_ASSERTION 10
EXECUTED_ASSERTION 11
EXECUTED_ASSERTION 12
EXECUTED_ASSERTION 13
EXECUTED_ASSERTION 14
EXECUTED_ASSERTION 15
EXECUTED_ASSERTION 16
EXECUTED_ASSERTION 17
EXECUTED_ASSERTION 18
EXECUTED_ASSERTION 19
EXECUTED_ASSERTION 20
EXECUTED_ASSERTION 21
EXECUTED_ASSERTION 22
EXECUTED_ASSERTION 23
EXECUTED_ASSERTION 24
EXECUTED_ASSERTION 25
EXECUTED_ASSERTION 26
EXECUTED_ASSERTION 27
EXECUTED_ASSERTION 28
EXECUTED_ASSERTION 29
EXECUTED_ASSERTION 30
EXECUTED_ASSERTION 31
EXECUTED_ASSERTION 32
EXECUTED_ASSERTION 33
EXECUTED_ASSERTION 34
EXECUTED_ASSERTION 35
EXECUTED_ASSERTION 36
EXECUTED_ASSERTION 37
EXECUTED_ASSERTION 38
EXECUTED_ASSERTION 39
EXECUTED_ASSERTION 40
EXECUTED_ASSERTION 41
EXECUTED_ASSERTION 42
EXECUTED_ASSERTION 43
EXECUTED_ASSERTION 44
EXECUTED_ASSERTION 45
EXECUTED_ASSERTION 46
EXECUTED_ASSERTION 47
EXECUTED_ASSERTION 48
EXECUTED_ASSERTION 49
EXECUTED_ASSERTION 50
EXECUTED_ASSERTION 51
EXECUTED_ASSERTION 52
EXECUTED_ASSERTION 53
EXECUTED_ASSERTION 54
EXECUTED_ASSERTION 55
EXECUTED_ASSERTION 56
EXECUTED_ASSERTION 57
EXECUTED_ASSERTION 58
EXECUTED_ASSERTION 59
EXECUTED_ASSERTION 60
EXECUTED_ASSERTION 61
EXECUTED_ASSERTION 62
EXECUTED_ASSERTION 63
EXECUTED_ASSERTION 64
EXECUTED_ASSERTION 65
EXECUTED_ASSERTION 66
EXECUTED_ASSERTION 67
EXECUTED_ASSERTION 68
EXECUTED_ASSERTION 69
EXECUTED_ASSERTION 70
EXECUTED_ASSERTION 71
EXECUTED_ASSERTION 72
EXECUTED_ASSERTION 73
EXECUTED_ASSERTION 74
EXECUTED_ASSERTION 75
EXECUTED_ASSERTION 76
EXECUTED_ASSERTION 77
EXECUTED_ASSERTION 78
EXECUTED_ASSERTION 79
EXECUTED_ASSERTION 80
EXECUTED_ASSERTION 81
EXECUTED_ASSERTION 82
EXECUTED_ASSERTION 83
EXECUTED_ASSERTION 84
EXECUTED_ASSERTION 85
EXECUTED_ASSERTION 86
EXECUTED_ASSERTION 87
EXECUTED_ASSERTION 88
EXECUTED_ASSERTION 89
HARDENING nav revision=2 polygons=19 obstructions=8
HARDENING moved chair_b to (-180.0, -180.0) nav=2
EXECUTED_ASSERTION 90
EXECUTED_ASSERTION 91
EXECUTED_ASSERTION 92
HARDENING nav revision=3 polygons=21 obstructions=8
HARDENING moved chair_b to (385.0, 595.0) nav=3
EXECUTED_ASSERTION 93
HARDENING demo requests=[true, true, true, false, true, true, true]
EXECUTED_ASSERTION 94
HARDENING coffee BREWING
HARDENING coffee READY / CUP REVEAL
HARDENING demo complete; reservations clear=true
EXECUTED_ASSERTION 95
EXECUTED_ASSERTION 96
EXECUTED_ASSERTION 97
HARDENING nav revision=4 polygons=19 obstructions=8
HARDENING moved espresso_station to (300.0, 235.0) nav=4
EXECUTED_ASSERTION 98
EXECUTED_ASSERTION 99
EXECUTED_ASSERTION 100
EXECUTED_ASSERTION 101
EXECUTED_ASSERTION 102
EXECUTED_ASSERTION 103
EXECUTED_ASSERTION 104
EXECUTED_ASSERTION 105
HARDENING nav revision=5 polygons=22 obstructions=8
HARDENING moved chair_a to (160.0, 591.0) nav=5
EXECUTED_ASSERTION 106
EXECUTED_ASSERTION 107
EXECUTED_ASSERTION 108
EXECUTED_ASSERTION 109
HARDENING nav revision=6 polygons=21 obstructions=8
HARDENING moved cat_bed to (130.0, 718.0) nav=6
EXECUTED_ASSERTION 110
EXECUTED_ASSERTION 111
EXECUTED_ASSERTION 112
EXECUTED_ASSERTION 113
HARDENING nav revision=7 polygons=21 obstructions=8
HARDENING moved plant to (410.0, 701.0) nav=7
EXECUTED_ASSERTION 114
EXECUTED_ASSERTION 115
EXECUTED_ASSERTION 116
EXECUTED_ASSERTION 117
EXECUTED_ASSERTION 118
EXECUTED_ASSERTION 119
EXECUTED_ASSERTION 120
EXECUTED_ASSERTION 121
HARDENING coffee BREWING
HARDENING coffee READY / CUP REVEAL
EXECUTED_ASSERTION 122
EXECUTED_ASSERTION 123
EXECUTED_ASSERTION 124
EXECUTED_ASSERTION 125
EXECUTED_ASSERTION 126
EXECUTED_ASSERTION 127
EXECUTED_ASSERTION 128
EXECUTED_ASSERTION 129
HARDENING nav revision=8 polygons=21 obstructions=8
EXECUTED_ASSERTION 130
EXECUTED_ASSERTION 131
EXECUTED_ASSERTION 132
EXECUTED_ASSERTION 133
EXECUTED_ASSERTION 134
EXECUTED_ASSERTION 135
EXECUTED_ASSERTION 136
EXECUTED_ASSERTION 137
EXECUTED_ASSERTION 138
EXECUTED_ASSERTION 139
EXECUTED_ASSERTION 140
EXECUTED_ASSERTION 141
EXECUTED_ASSERTION 142
EXECUTED_ASSERTION 143
EXECUTED_ASSERTION 144
EXECUTED_ASSERTION 145
EXECUTED_ASSERTION 146
EXECUTED_ASSERTION 147
EXECUTED_ASSERTION 148
EXECUTED_ASSERTION 149
EXECUTED_ASSERTION 150
EXECUTED_ASSERTION 151
HARDENING nav revision=9 polygons=23 obstructions=9
HARDENING event variant=true
EXECUTED_ASSERTION 152
EXECUTED_ASSERTION 153
EXECUTED_ASSERTION 154
EXECUTED_ASSERTION 155
EXECUTED_ASSERTION 156
HARDENING nav revision=10 polygons=21 obstructions=8
HARDENING event variant=false
EXECUTED_ASSERTION 157
EXECUTED_ASSERTION 158
HARDENING nav revision=11 polygons=23 obstructions=9
HARDENING event variant=true
EXECUTED_ASSERTION 159
HARDENING nav revision=12 polygons=21 obstructions=8
EXECUTED_ASSERTION 160
EXECUTED_ASSERTION 161
EXECUTED_ASSERTION 162
HARDENING nav revision=1 polygons=24 obstructions=9
HARDENING event variant=true
HARDENING room ready nav=1
EXECUTED_ASSERTION 163
EXECUTED_ASSERTION 164
EXECUTED_ASSERTION 165
EXECUTED_ASSERTION 166
EXECUTED_ASSERTION 167
EXECUTED_ASSERTION 168
HARDENING coffee BREWING
HARDENING coffee READY / CUP REVEAL
EXECUTED_ASSERTION 169
EXECUTED_ASSERTION 170
EXECUTED_ASSERTION 171
EXECUTED_ASSERTION 172
--- WORLD ARCHITECTURE HARDENING V1 PASSED ---
