Godot Engine v4.7.2.stable.official.ed1daf0bf - https://godotengine.org

[   0% ] [90m[1mfirst_scan_filesystem[22m | Started Project initialization (5 steps)[39m[0m
[   0% ] [90m[1mfirst_scan_filesystem[22m | Scanning file structure...[39m[0m
[  16% ] [90m[1mfirst_scan_filesystem[22m | Loading global class names...[39m[0m
[  33% ] [90m[1mfirst_scan_filesystem[22m | Verifying GDExtensions...[39m[0m
[  50% ] [90m[1mfirst_scan_filesystem[22m | Creating autoload scripts...[39m[0m
[  66% ] [90m[1mfirst_scan_filesystem[22m | Initializing plugins...[39m[0m
[  83% ] [90m[1mfirst_scan_filesystem[22m | Starting file scan...[39m[0m
[92m[ DONE ][39m [1mfirst_scan_filesystem[22m
[0m
WARNING: Case mismatch opening requested file '/private/tmp/willicat_mvp_diagnostic_project_v1/Scripts/AudioManager.gd', stored as '/private/tmp/willicat_mvp_diagnostic_project_v1/scripts/AudioManager.gd' in the filesystem. This file will not open when exported to other case-sensitive platforms.
     at: open_internal (drivers/unix/file_access_unix.cpp:112)
WARNING: Case mismatch opening requested file '/private/tmp/willicat_mvp_diagnostic_project_v1/Scripts/SceneTransition.gd', stored as '/private/tmp/willicat_mvp_diagnostic_project_v1/scripts/SceneTransition.gd' in the filesystem. This file will not open when exported to other case-sensitive platforms.
     at: open_internal (drivers/unix/file_access_unix.cpp:112)
WARNING: Case mismatch opening requested file '/private/tmp/willicat_mvp_diagnostic_project_v1/Scripts/Coin.gd', stored as '/private/tmp/willicat_mvp_diagnostic_project_v1/scripts/Coin.gd' in the filesystem. This file will not open when exported to other case-sensitive platforms.
     at: open_internal (drivers/unix/file_access_unix.cpp:112)
WARNING: Case mismatch opening requested file '/private/tmp/willicat_mvp_diagnostic_project_v1/Scripts/LevelFinishDoor.gd', stored as '/private/tmp/willicat_mvp_diagnostic_project_v1/scripts/LevelFinishDoor.gd' in the filesystem. This file will not open when exported to other case-sensitive platforms.
     at: open_internal (drivers/unix/file_access_unix.cpp:112)
WARNING: Case mismatch opening requested file '/private/tmp/willicat_mvp_diagnostic_project_v1/Scripts/player.gd', stored as '/private/tmp/willicat_mvp_diagnostic_project_v1/scripts/player.gd' in the filesystem. This file will not open when exported to other case-sensitive platforms.
     at: open_internal (drivers/unix/file_access_unix.cpp:112)
[   0% ] [90m[1mloading_editor_layout[22m | Started Loading editor (5 steps)[39m[0m
[   0% ] [90m[1mloading_editor_layout[22m | Loading editor layout...[39m[0m
[  16% ] [90m[1mloading_editor_layout[22m | Loading docks...[39m[0m
[92m[ DONE ][39m [1mloading_editor_layout[22m
[0m
