<string>:3: DeprecationWarning: 'Material.use_nodes' is expected to be removed in Blender 6.0
ข้อมูล: Saved as "WC_CAFE_Counter_Straight_A.blend"
INFO Draco is available, use library at /Applications/Blender.app/Contents/Resources/5.2/scripts/addons_core/io_scene_gltf2/libbf_intern_draco_bridge.dylib
INFO MeshOptimizer is available, use library at /Applications/Blender.app/Contents/Resources/5.2/scripts/addons_core/io_scene_gltf2/libbf_intern_meshopt_bridge.dylib
01:02:05 | INFO: Starting glTF 2.0 export
01:02:05 | INFO: Extracting primitive: CarcassInsideRecess_Mesh
01:02:05 | INFO: Primitives created: 4
01:02:05 | INFO: Finished glTF 2.0 export in 0.026267051696777344 s

ข้อมูล: Saved as "WC_CAFE_Counter_End_A.blend"
01:02:05 | INFO: Starting glTF 2.0 export
01:02:05 | INFO: Extracting primitive: CarcassInsideRecess_Mesh.001
01:02:05 | INFO: Primitives created: 4
01:02:05 | INFO: Finished glTF 2.0 export in 0.01076507568359375 s

ข้อมูล: Saved as "WC_CAFE_Counter_Short_A.blend"
01:02:05 | INFO: Starting glTF 2.0 export
01:02:05 | INFO: Extracting primitive: CarcassInsideRecess_Mesh.002
01:02:05 | INFO: Primitives created: 4
01:02:05 | INFO: Finished glTF 2.0 export in 0.009711265563964844 s

ข้อมูล: Saved as "WC_CAFE_Espresso_A.blend"
01:02:05 | INFO: Starting glTF 2.0 export
01:02:05 | INFO: Extracting primitive: AnalogGauge_Mesh
01:02:05 | INFO: Primitives created: 8
01:02:05 | INFO: Finished glTF 2.0 export in 0.022635936737060547 s

ข้อมูล: Saved as "WC_CAFE_Chair_A.blend"
01:02:05 | INFO: Starting glTF 2.0 export
01:02:05 | INFO: Extracting primitive: CurvedLowerBackRail_Mesh
01:02:05 | INFO: Primitives created: 4
01:02:05 | INFO: Finished glTF 2.0 export in 0.012869119644165039 s

ข้อมูล: Saved as "WC_CAFE_Wall_Window_A.blend"
01:02:05 | INFO: Starting glTF 2.0 export
01:02:05 | INFO: Extracting primitive: ContinuousCedarWallPost_Mesh
01:02:05 | INFO: Primitives created: 5
01:02:05 | INFO: Finished glTF 2.0 export in 0.010652780532836914 s

ข้อมูล: Saved as "WC_CAFE_Planter_Floor_A.blend"
01:02:05 | INFO: Starting glTF 2.0 export
01:02:05 | INFO: Extracting primitive: HandThrownSoftPot_Mesh
01:02:05 | INFO: Primitives created: 4
01:02:05 | INFO: Finished glTF 2.0 export in 0.011044025421142578 s

ข้อมูล: Saved as "WC_CAFE_Planter_Table_A.blend"
01:02:05 | INFO: Starting glTF 2.0 export
01:02:05 | INFO: Extracting primitive: HandThrownSoftPot_Mesh.001
01:02:05 | INFO: Primitives created: 4
01:02:05 | INFO: Finished glTF 2.0 export in 0.007584095001220703 s

ข้อมูล: Saved as "WC_CAFE_Plant_Trailing_A.blend"
01:02:05 | INFO: Starting glTF 2.0 export
01:02:05 | INFO: Extracting primitive: HandThrownSoftPot_Mesh.002
01:02:05 | INFO: Primitives created: 4
01:02:05 | INFO: Finished glTF 2.0 export in 0.008919954299926758 s

ข้อมูล: Saved as "WC_CAFE_Plant_Flowering_A.blend"
01:02:06 | INFO: Starting glTF 2.0 export
01:02:06 | INFO: Extracting primitive: FlowerStem_Mesh
01:02:06 | INFO: Primitives created: 6
01:02:06 | INFO: Finished glTF 2.0 export in 0.011909008026123047 s

HERO REPLACEMENTS BUILT 10
Blender 5.2.1 LTS (hash 9e2066aef7ef built 2026-08-25 01:35:57)

Blender quit
