ffmpeg version 9.0.2 Copyright (c) 2000-2026 the FFmpeg developers
  built with Apple clang version 21.0.0 (clang-2100.3.34.2)
  configuration: --prefix=/opt/homebrew/Cellar/ffmpeg/9.0.2 --enable-shared --enable-pthreads --enable-version3 --cc=clang --host-cflags= --host-ldflags= --enable-ffplay --enable-gpl --enable-libsvtav1 --enable-libopus --enable-libx264 --enable-libmp3lame --enable-libdav1d --enable-libvmaf --enable-libvpx --enable-libx265 --enable-openssl --enable-videotoolbox --enable-audiotoolbox --enable-neon
  libavutil      61.  1.102 / 61.  1.102
  libavcodec     63.  1.102 / 63.  1.102
  libavformat    63.  1.102 / 63.  1.102
  libavdevice    63.  1.102 / 63.  1.102
  libavfilter    12.  1.102 / 12.  1.102
  libswscale     10.  1.102 / 10.  1.102
  libswresample   7.  1.102 /  7.  1.102
Input #0, mov,mp4,m4a,3gp,3g2,mj2, from '/private/tmp/willicat_canonical_capture_final/CANONICAL_moving_actor_tree.mp4':
  Metadata:
    major_brand     : isom
    minor_version   : 512
    compatible_brands: isomiso2avc1mp41
    encoder         : Lavf63.1.102
  Duration: 00:00:07.44, start: 0.000000, bitrate: 742 kb/s
  Stream #0:0[0x1](und): Video: h264 (High) (avc1 / 0x31637661), yuv420p(tv, unknown/bt709/iec61966-2-1, progressive), 960x640, 732 kb/s, 7.98 fps, 25 tbr, 12800 tbn (default)
    Metadata:
      handler_name    : VideoHandler
      encoder         : Lavc63.1.102 libx264
Stream mapping:
  Stream #0:0 -> #0:0 (h264 (native) -> gif (native))
Press [q] to stop, [?] for help
[Parsed_palettegen_3 @ 0x7a270161c0] 255(+1) colors generated out of 120668 colors; ratio=0.002113
Output #0, gif, to '/private/tmp/willicat_canonical_capture_final/CANONICAL_moving_actor_tree.gif':
  Metadata:
    major_brand     : isom
    minor_version   : 512
    compatible_brands: isomiso2avc1mp41
    encoder         : Lavf63.1.102
  Stream #0:0(und): Video: gif, pal8(pc, gbr/bt709/iec61966-2-1, progressive), 720x480, q=2-31, 200 kb/s, 12 fps, 100 tbn (default)
    Metadata:
      encoder         : Lavc63.1.102 gif
      handler_name    : VideoHandler
frame=    4 fps=0.0 q=-0.0 size=     256KiB time=00:00:00.33 bitrate=6291.5kbits/s speed=0.666x elapsed=0:00:00.50    frame=   37 fps= 37 q=-0.0 size=     768KiB time=00:00:03.08 bitrate=2040.5kbits/s speed=3.06x elapsed=0:00:01.00    frame=   70 fps= 46 q=-0.0 size=    1280KiB time=00:00:05.83 bitrate=1797.6kbits/s speed=3.86x elapsed=0:00:01.50    [out#0/gif @ 0x7a27014240] video:1794KiB audio:0KiB subtitle:0KiB other streams:0KiB global headers:0KiB muxing overhead: 0.001089%
frame=   90 fps= 50 q=-0.0 Lsize=    1794KiB time=00:00:07.50 bitrate=1959.1kbits/s speed=4.19x elapsed=0:00:01.79    
