ffmpeg version 9.0.2 Copyright (c) 2000-2026 the FFmpeg developers
  built with Apple clang version 21.0.0 (clang-2100.3.34.2)
  configuration: --prefix=/opt/homebrew/Cellar/ffmpeg/9.0.2 --enable-shared --enable-pthreads --enable-version3 --cc=clang --host-cflags= --host-ldflags= --enable-ffplay --enable-gpl --enable-libsvtav1 --enable-libopus --enable-libx264 --enable-libmp3lame --enable-libdav1d --enable-libvmaf --enable-libvpx --enable-libx265 --enable-openssl --enable-videotoolbox --enable-audiotoolbox --enable-neon
  libavutil      61.  1.102 / 61.  1.102
  libavcodec     63.  1.102 / 63.  1.102
  libavformat    63.  1.102 / 63.  1.102
  libavdevice    63.  1.102 / 63.  1.102
  libavfilter    12.  1.102 / 12.  1.102
  libswscale     10.  1.102 / 10.  1.102
  libswresample   7.  1.102 /  7.  1.102
Input #0, concat, from '/private/tmp/willicat_canonical_capture_final/capture_concat.txt':
  Duration: N/A, start: 0.000000, bitrate: N/A
  Stream #0:0: Video: png, rgba(pc, gbr/bt709/iec61966-2-1), 960x640, 25 fps, 25 tbr, 25 tbn
Stream mapping:
  Stream #0:0 -> #0:0 (png (native) -> h264 (libx264))
Press [q] to stop, [?] for help
[libx264 @ 0x7780c35180] using cpu capabilities: ARMv8 NEON DotProd I8MM
[libx264 @ 0x7780c35180] profile High, level 3.1, 4:2:0, 8-bit
[libx264 @ 0x7780c35180] 264 - core 165 r3222 b35605a - H.264/MPEG-4 AVC codec - Copyleft 2003-2025 - http://www.videolan.org/x264.html - options: cabac=1 ref=3 deblock=1:0:0 analyse=0x3:0x113 me=hex subme=7 psy=1 psy_rd=1.00:0.00 mixed_ref=1 me_range=16 chroma_me=1 trellis=1 8x8dct=1 cqm=0 deadzone=21,11 fast_pskip=1 chroma_qp_offset=-2 threads=15 lookahead_threads=2 sliced_threads=0 nr=0 decimate=1 interlaced=0 bluray_compat=0 constrained_intra=0 bframes=3 b_pyramid=2 b_adapt=1 b_bias=0 direct=1 weightb=1 open_gop=0 weightp=2 keyint=250 keyint_min=25 scenecut=40 intra_refresh=0 rc_lookahead=40 rc=crf mbtree=1 crf=18.0 qcomp=0.60 qpmin=0 qpmax=69 qpstep=4 ip_ratio=1.40 aq=1:1.00
Output #0, mp4, to '/private/tmp/willicat_canonical_capture_final/CANONICAL_moving_actor_tree.mp4':
  Metadata:
    encoder         : Lavf63.1.102
  Stream #0:0: Video: h264 (avc1 / 0x31637661), yuv420p(tv, unknown/bt709/iec61966-2-1, progressive), 960x640, q=2-31, 25 fps, 12800 tbn
    Metadata:
      encoder         : Lavc63.1.102 libx264
    Side data:
      CPB properties: bitrate max/min/avg: 0/0/0 buffer size: 0 vbv_delay: N/A
frame=   42 fps=0.0 q=20.0 size=     512KiB time=00:00:05.12 bitrate= 819.3kbits/s speed=10.2x elapsed=0:00:00.50    [out#0/mp4 @ 0x7781000780] video:673KiB audio:0KiB subtitle:0KiB other streams:0KiB global headers:0KiB muxing overhead: 0.242446%
frame=   60 fps=0.0 q=-1.0 Lsize=     674KiB time=00:00:07.28 bitrate= 758.8kbits/s speed=  14x elapsed=0:00:00.52    
[libx264 @ 0x7780c35180] frame I:1     Avg QP: 9.72  size:425622
[libx264 @ 0x7780c35180] frame P:15    Avg QP:15.08  size:  8883
[libx264 @ 0x7780c35180] frame B:44    Avg QP:20.10  size:  2938
[libx264 @ 0x7780c35180] consecutive B-frames:  1.7%  0.0%  5.0% 93.3%
[libx264 @ 0x7780c35180] mb I  I16..4:  3.7% 45.5% 50.8%
[libx264 @ 0x7780c35180] mb P  I16..4:  0.0%  0.1%  0.1%  P16..4:  8.2%  2.1%  1.6%  0.0%  0.0%    skip:88.0%
[libx264 @ 0x7780c35180] mb B  I16..4:  0.0%  0.0%  0.1%  B16..8:  3.1%  1.0%  0.9%  direct: 0.5%  skip:94.4%  L0:44.9% L1:37.5% BI:17.5%
[libx264 @ 0x7780c35180] 8x8 transform intra:43.5% inter:27.7%
[libx264 @ 0x7780c35180] coded y,uvDC,uvAC intra: 100.0% 100.0% 100.0% inter: 3.2% 3.3% 2.6%
[libx264 @ 0x7780c35180] i16 v,h,dc,p:  1%  2% 75% 21%
[libx264 @ 0x7780c35180] i8 v,h,dc,ddl,ddr,vr,hd,vl,hu:  5% 10% 24%  7% 14%  7% 16%  6% 12%
[libx264 @ 0x7780c35180] i4 v,h,dc,ddl,ddr,vr,hd,vl,hu:  9% 11% 14%  9% 12% 10% 13%  8% 14%
[libx264 @ 0x7780c35180] i8c dc,h,v,p: 67% 12%  9% 13%
[libx264 @ 0x7780c35180] Weighted P-Frames: Y:0.0% UV:0.0%
[libx264 @ 0x7780c35180] ref P L0: 40.2%  2.2% 25.9% 31.6%
[libx264 @ 0x7780c35180] ref B L0: 70.2% 19.5% 10.4%
[libx264 @ 0x7780c35180] ref B L1: 91.0%  9.0%
[libx264 @ 0x7780c35180] kb/s:735.96
