test_active_release_revocation (test_phase0.ContractProof) ... ok
test_adjacent_transition (test_phase0.ContractProof) ... ok
test_auth_forged_role (test_phase0.ContractProof) ... ok
test_auth_revoked_credential (test_phase0.ContractProof) ... ok
test_auth_tampered_payload (test_phase0.ContractProof) ... ok
test_auth_unknown_credential (test_phase0.ContractProof) ... ok
test_auth_verifier_accepts_exact_fixture (test_phase0.ContractProof) ... ok
test_bundle_bytes_must_exist (test_phase0.ContractProof) ... ok
test_canonical_key_order (test_phase0.ContractProof) ... ok
test_current_dependency_blocker (test_phase0.ContractProof) ... ok
test_duplicate_frame_id (test_phase0.ContractProof) ... ok
test_duplicate_json_keys_rejected (test_phase0.ContractProof) ... ok
test_durations_count (test_phase0.ContractProof) ... ok
test_empty_semantic_containers (test_phase0.ContractProof) ... ok
test_fixture_credential_not_production (test_phase0.ContractProof) ... ok
test_float_signing_rejected (test_phase0.ContractProof) ... ok
test_human_criteria_missing (test_phase0.ContractProof) ... ok
test_human_criterion_rejects_numeric_pass (test_phase0.ContractProof) ... ok
test_jelly_rejected_despite_numbers (test_phase0.ContractProof) ... ok
test_no_writable_override (test_phase0.ContractProof) ... ok
test_positive_synthetic_predicate (test_phase0.ContractProof) ... ok
test_predicate_01_missing_human (test_phase0.ContractProof) ... ok
test_predicate_02_invalid_signature (test_phase0.ContractProof) ... ok
test_predicate_03_unresolved_rights (test_phase0.ContractProof) ... ok
test_predicate_04_stale_rights (test_phase0.ContractProof) ... ok
test_predicate_05_structural_failed (test_phase0.ContractProof) ... ok
test_predicate_06_missing_motion_human (test_phase0.ContractProof) ... ok
test_predicate_07_visual_failed (test_phase0.ContractProof) ... ok
test_predicate_08_runtime_failed (test_phase0.ContractProof) ... ok
test_predicate_09_stale_world (test_phase0.ContractProof) ... ok
test_predicate_10_incompatible_template (test_phase0.ContractProof) ... ok
test_predicate_11_stale_style (test_phase0.ContractProof) ... ok
test_predicate_12_changed_evidence (test_phase0.ContractProof) ... ok
test_predicate_13_approved_not_proof (test_phase0.ContractProof) ... ok
test_predicate_14_published_not_approved (test_phase0.ContractProof) ... ok
test_predicate_15_superseded (test_phase0.ContractProof) ... ok
test_predicate_16_cancelled (test_phase0.ContractProof) ... ok
test_predicate_17_missing_validator_evidence (test_phase0.ContractProof) ... ok
test_projection_five_cases (test_phase0.ContractProof) ... ERROR
test_projection_negative_zero (test_phase0.ContractProof) ... ok
test_projection_nonfinite_rejected (test_phase0.ContractProof) ... ok
test_required_frame_validator_missing (test_phase0.ContractProof) ... ok
test_rights_action_independent (test_phase0.ContractProof) ... ok
test_rights_exact_scope_set (test_phase0.ContractProof) ... ok
test_rights_not_applicable_not_permission (test_phase0.ContractProof) ... ok
test_rights_prohibited (test_phase0.ContractProof) ... ok
test_rollback_current_authority (test_phase0.ContractProof) ... ok
test_rollback_current_rights (test_phase0.ContractProof) ... ok
test_root_lock_required (test_phase0.ContractProof) ... ok
test_runtime_member_tamper (test_phase0.ContractProof) ... ok
test_schemas_parse_and_self_validate (test_phase0.ContractProof) ... ok
test_signed_wrong_attempt (test_phase0.ContractProof) ... ok
test_skip_transition_rejected (test_phase0.ContractProof) ... ok
test_stage_progression_obligations (test_phase0.ContractProof) ... ok
test_stale_motion_policy (test_phase0.ContractProof) ... ok
test_transition_artifact_tamper (test_phase0.ContractProof) ... ok
test_transition_changed_pin_rejected (test_phase0.ContractProof) ... ok
test_transition_contract_complete (test_phase0.ContractProof) ... ok
test_transition_unresolved_rights_rejected (test_phase0.ContractProof) ... ok
test_tree_negative_control_unapproved (test_phase0.ContractProof) ... ok
test_uncalibrated_motion (test_phase0.ContractProof) ... ok
test_unsigned_contract_change_rejected (test_phase0.ContractProof) ... ok
test_atomic_concurrent_updates (test_phase0.FilesystemProof) ... ok
test_bundle_mutation_invalidation (test_phase0.FilesystemProof) ... ok
test_cache_not_identity (test_phase0.FilesystemProof) ... ok
test_copy_parity_no_compile (test_phase0.FilesystemProof) ... ok
test_dangling_symlink_rejected (test_phase0.FilesystemProof) ... ok
test_interrupt_keeps_previous_pointer (test_phase0.FilesystemProof) ... ok
test_logical_path_identity (test_phase0.FilesystemProof) ... ok
test_partial_copy_no_pointer (test_phase0.FilesystemProof) ... ok
test_real_production_root_rejected (test_phase0.FilesystemProof) ... ERROR
test_rebuild_needs_new_cycle (test_phase0.FilesystemProof) ... ok
test_source_write_once (test_phase0.FilesystemProof) ... ok
test_symlink_escape_rejected (test_phase0.FilesystemProof) ... ok
test_traversal_rejected (test_phase0.FilesystemProof) ... ok
test_import_policy_proof_release_equal (test_phase0.TimingProof) ... ERROR
test_legacy_writer_unchanged (test_phase0.TimingProof) ... ok
test_nonuniform_round_trip (test_phase0.TimingProof) ... ERROR
test_nonuniform_wrapper (test_phase0.TimingProof) ... ok
test_unsupported_fractional_timing_rejected (test_phase0.TimingProof) ... ok

======================================================================
ERROR: test_projection_five_cases (test_phase0.ContractProof)
----------------------------------------------------------------------
Traceback (most recent call last):
  File "/Users/teddywoot/willi-cat/tools/willicat_asset_factory_phase0/tests/test_phase0.py", line 140, in test_projection_five_cases
    x=json.loads((E/'projection_tests.json').read_text());self.assertTrue(all(x[k] for k in ['same_data','unrelated_edit','relevant_edit','ordering','missing_field_rejected']))
  File "/Applications/Xcode.app/Contents/Developer/Library/Frameworks/Python3.framework/Versions/3.9/lib/python3.9/pathlib.py", line 1256, in read_text
    with self.open(mode='r', encoding=encoding, errors=errors) as f:
  File "/Applications/Xcode.app/Contents/Developer/Library/Frameworks/Python3.framework/Versions/3.9/lib/python3.9/pathlib.py", line 1242, in open
    return io.open(self, mode, buffering, encoding, errors, newline,
  File "/Applications/Xcode.app/Contents/Developer/Library/Frameworks/Python3.framework/Versions/3.9/lib/python3.9/pathlib.py", line 1110, in _opener
    return self._accessor.open(self, flags, mode)
FileNotFoundError: [Errno 2] No such file or directory: '/private/tmp/willicat_mvp_regressions/phase0/projection_tests.json'

======================================================================
ERROR: test_real_production_root_rejected (test_phase0.FilesystemProof)
----------------------------------------------------------------------
Traceback (most recent call last):
  File "/Users/teddywoot/willi-cat/tools/willicat_asset_factory_phase0/tests/test_phase0.py", line 172, in test_real_production_root_rejected
    with self.assertRaises(ValueError):safe_path(Path(os.environ['PHASE0_REPO'])/'assets','asset.png')
  File "/Applications/Xcode.app/Contents/Developer/Library/Frameworks/Python3.framework/Versions/3.9/lib/python3.9/os.py", line 679, in __getitem__
    raise KeyError(key) from None
KeyError: 'PHASE0_REPO'

======================================================================
ERROR: test_import_policy_proof_release_equal (test_phase0.TimingProof)
----------------------------------------------------------------------
Traceback (most recent call last):
  File "/Users/teddywoot/willi-cat/tools/willicat_asset_factory_phase0/tests/test_phase0.py", line 230, in test_import_policy_proof_release_equal
    r=json.loads((E/'import_parity.json').read_text());self.assertTrue(r['equal']);self.assertEqual(r['proof_bundle_hash'],r['simulated_release_bundle_hash'])
  File "/Applications/Xcode.app/Contents/Developer/Library/Frameworks/Python3.framework/Versions/3.9/lib/python3.9/pathlib.py", line 1256, in read_text
    with self.open(mode='r', encoding=encoding, errors=errors) as f:
  File "/Applications/Xcode.app/Contents/Developer/Library/Frameworks/Python3.framework/Versions/3.9/lib/python3.9/pathlib.py", line 1242, in open
    return io.open(self, mode, buffering, encoding, errors, newline,
  File "/Applications/Xcode.app/Contents/Developer/Library/Frameworks/Python3.framework/Versions/3.9/lib/python3.9/pathlib.py", line 1110, in _opener
    return self._accessor.open(self, flags, mode)
FileNotFoundError: [Errno 2] No such file or directory: '/private/tmp/willicat_mvp_regressions/phase0/import_parity.json'

======================================================================
ERROR: test_nonuniform_round_trip (test_phase0.TimingProof)
----------------------------------------------------------------------
Traceback (most recent call last):
  File "/Users/teddywoot/willi-cat/tools/willicat_asset_factory_phase0/tests/test_phase0.py", line 221, in test_nonuniform_round_trip
    r=json.loads((E/'timing_round_trip.json').read_text());self.assertEqual(r['manifest_durations_ms'],r['recovered_durations_ms']);self.assertEqual(r['runtime_playing_speed'],1.0)
  File "/Applications/Xcode.app/Contents/Developer/Library/Frameworks/Python3.framework/Versions/3.9/lib/python3.9/pathlib.py", line 1256, in read_text
    with self.open(mode='r', encoding=encoding, errors=errors) as f:
  File "/Applications/Xcode.app/Contents/Developer/Library/Frameworks/Python3.framework/Versions/3.9/lib/python3.9/pathlib.py", line 1242, in open
    return io.open(self, mode, buffering, encoding, errors, newline,
  File "/Applications/Xcode.app/Contents/Developer/Library/Frameworks/Python3.framework/Versions/3.9/lib/python3.9/pathlib.py", line 1110, in _opener
    return self._accessor.open(self, flags, mode)
FileNotFoundError: [Errno 2] No such file or directory: '/private/tmp/willicat_mvp_regressions/phase0/timing_round_trip.json'

----------------------------------------------------------------------
Ran 80 tests in 1.233s

FAILED (errors=4)
