ERROR: Failed to open 'user://logs/godot2026-10-01T11.24.48.log'.
   at: copy (core/io/dir_access.cpp:429)
ERROR: Failed to open log file for writing: user://logs/godot.log
   at: rotate_file (core/io/logger.cpp:169)
Godot Engine v4.7.2.stable.official.ed1daf0bf - https://godotengine.org

ERROR: Condition "ret != noErr" is true. Returning: ""
   at: get_system_ca_certificates (platform/macos/os_macos.mm:1035)
HARDENING nav revision=1 polygons=67 obstructions=28
HOME cafe: Walk by clicking, or run the route
HOME cafe: Walk by clicking, or run the route
HOME cafe: Customer enters
HOME cafe: Customer orders coffee
HOME cafe: Coffee order → brewing
HOME cafe: Mochi prepares coffee
HOME cafe: Coffee ready → carrying
HOME cafe: Mochi serves customer
HOME cafe: Customer sits
HOME cafe: Customer leaves
HOME cafe: Mochi returns idle
HOME cafe: Order complete
HOME cafe: Ready for next customer
CAFE SLICE CHECKS 39 PASS
