Godot Engine v4.7.2.stable.official.ed1daf0bf - https://godotengine.org
Metal 4.0 - Forward Mobile - Using Device #0: Apple - Apple M2 Pro (Apple8)

HARDENING nav revision=1 polygons=67 obstructions=28
HOME cafe: Walk by clicking, or run the route
HOME cafe: Walk by clicking, or run the route
HARDENING nav revision=1 polygons=67 obstructions=28
HOME cafe: Walk by clicking, or run the route
HOME cafe: Walk by clicking, or run the route
SCRIPT ERROR: Trying to assign value of type 'Nil' to a variable of type 'PackedInt32Array'.
          at: _batch_static (res://scripts/dev/hybrid_cafe_painted_surface/painted_surface.gd:19)
          GDScript backtrace (most recent call first):
              [0] _batch_static (res://scripts/dev/hybrid_cafe_painted_surface/painted_surface.gd:19)
              [1] install (res://scripts/dev/hybrid_diorama/hybrid_diorama.gd:50)
ERROR: exact_all_visible_vertex_normal_UV_index_and_transform_identity
   at: push_error (core/variant/variant_utility.cpp:1023)
   GDScript backtrace (most recent call first):
       [0] check (res://tests/capture_painted_surface_v1.gd:19)
       [1] run (res://tests/capture_painted_surface_v1.gd:132)
       [2] navigate (res://tests/capture_painted_surface_v1.gd:34)
HOME cafe: Customer enters
HOME cafe: Customer orders coffee
HOME cafe: Coffee order → brewing
HOME cafe: Mochi prepares coffee
HOME cafe: Coffee ready → carrying
HOME cafe: Mochi serves customer
HOME cafe: Customer sits
HOME cafe: Customer leaves
HOME cafe: Mochi returns idle
HOME cafe: Order complete
HOME cafe: Ready for next customer
HYBRID CAFE KIT PROOF false checks=379 frames=135
