ffmpeg version 9.0.2 Copyright (c) 2000-2026 the FFmpeg developers
  built with Apple clang version 21.0.0 (clang-2100.3.34.2)
  configuration: --prefix=/opt/homebrew/Cellar/ffmpeg/9.0.2 --enable-shared --enable-pthreads --enable-version3 --cc=clang --host-cflags= --host-ldflags= --enable-ffplay --enable-gpl --enable-libsvtav1 --enable-libopus --enable-libx264 --enable-libmp3lame --enable-libdav1d --enable-libvmaf --enable-libvpx --enable-libx265 --enable-openssl --enable-videotoolbox --enable-audiotoolbox --enable-neon
  libavutil      61.  1.102 / 61.  1.102
  libavcodec     63.  1.102 / 63.  1.102
  libavformat    63.  1.102 / 63.  1.102
  libavdevice    63.  1.102 / 63.  1.102
  libavfilter    12.  1.102 / 12.  1.102
  libswscale     10.  1.102 / 10.  1.102
  libswresample   7.  1.102 /  7.  1.102
Input #0, concat, from '/private/tmp/riverside_motion.ffconcat':
  Duration: N/A, start: 0.000000, bitrate: N/A
  Stream #0:0: Video: png, rgb24(pc, gbr/bt709/iec61966-2-1), 540x960, 25 fps, 25 tbr, 25 tbn
Stream mapping:
  Stream #0:0 -> #0:0 (png (native) -> h264 (libx264))
Press [q] to stop, [?] for help
[libx264 @ 0x7c7ec59180] using cpu capabilities: ARMv8 NEON DotProd I8MM
[libx264 @ 0x7c7ec59180] profile High, level 3.1, 4:2:0, 8-bit
[libx264 @ 0x7c7ec59180] 264 - core 165 r3222 b35605a - H.264/MPEG-4 AVC codec - Copyleft 2003-2025 - http://www.videolan.org/x264.html - options: cabac=1 ref=3 deblock=1:0:0 analyse=0x3:0x113 me=hex subme=7 psy=1 psy_rd=1.00:0.00 mixed_ref=1 me_range=16 chroma_me=1 trellis=1 8x8dct=1 cqm=0 deadzone=21,11 fast_pskip=1 chroma_qp_offset=-2 threads=15 lookahead_threads=2 sliced_threads=0 nr=0 decimate=1 interlaced=0 bluray_compat=0 constrained_intra=0 bframes=3 b_pyramid=2 b_adapt=1 b_bias=0 direct=1 weightb=1 open_gop=0 weightp=2 keyint=250 keyint_min=25 scenecut=40 intra_refresh=0 rc_lookahead=40 rc=crf mbtree=1 crf=18.0 qcomp=0.60 qpmin=0 qpmax=69 qpstep=4 ip_ratio=1.40 aq=1:1.00
Output #0, mp4, to '/private/tmp/willicat_riverside_translation_stage/artifacts/prototype_review/riverside_3d_translation_proof_v1/WILLICAT_RIVERSIDE_3D_TRANSLATION_PROOF_V1.mp4':
  Metadata:
    encoder         : Lavf63.1.102
  Stream #0:0: Video: h264 (avc1 / 0x31637661), yuv420p(tv, unknown/bt709/iec61966-2-1, progressive), 540x960, q=2-31, 25 fps, 12800 tbn
    Metadata:
      encoder         : Lavc63.1.102 libx264
    Side data:
      CPB properties: bitrate max/min/avg: 0/0/0 buffer size: 0 vbv_delay: N/A
frame=   59 fps=0.0 q=20.0 size=       0KiB time=00:00:05.72 bitrate=   0.1kbits/s speed=11.3x elapsed=0:00:00.50    [mp4 @ 0x7c7f004500] Starting second pass: moving the moov atom to the beginning of the file
[out#0/mp4 @ 0x7c7f000780] video:317KiB audio:0KiB subtitle:0KiB other streams:0KiB global headers:0KiB muxing overhead: 1.665611%
frame=  232 fps=0.0 q=-1.0 Lsize=     323KiB time=00:00:23.16 bitrate= 114.2kbits/s speed=24.3x elapsed=0:00:00.95    
[libx264 @ 0x7c7ec59180] frame I:1     Avg QP: 4.59  size: 93662
[libx264 @ 0x7c7ec59180] frame P:66    Avg QP:10.10  size:  2235
[libx264 @ 0x7c7ec59180] frame B:165   Avg QP:11.41  size:   505
[libx264 @ 0x7c7ec59180] consecutive B-frames:  4.3%  2.6%  0.0% 93.1%
[libx264 @ 0x7c7ec59180] mb I  I16..4: 59.9%  6.4% 33.8%
[libx264 @ 0x7c7ec59180] mb P  I16..4:  0.0%  0.1%  0.1%  P16..4:  6.2%  2.0%  1.5%  0.0%  0.0%    skip:90.1%
[libx264 @ 0x7c7ec59180] mb B  I16..4:  0.0%  0.0%  0.0%  B16..8:  3.4%  0.4%  0.1%  direct: 0.0%  skip:96.0%  L0:32.6% L1:63.5% BI: 3.9%
[libx264 @ 0x7c7ec59180] 8x8 transform intra:11.0% inter:42.0%
[libx264 @ 0x7c7ec59180] coded y,uvDC,uvAC intra: 43.0% 49.2% 46.4% inter: 1.2% 1.1% 0.5%
[libx264 @ 0x7c7ec59180] i16 v,h,dc,p: 89%  2%  7%  2%
[libx264 @ 0x7c7ec59180] i8 v,h,dc,ddl,ddr,vr,hd,vl,hu:  3% 24% 20%  3% 14%  6% 16%  9%  5%
[libx264 @ 0x7c7ec59180] i4 v,h,dc,ddl,ddr,vr,hd,vl,hu: 10% 22% 18%  8%  6%  4% 10% 14%  8%
[libx264 @ 0x7c7ec59180] i8c dc,h,v,p: 73% 15%  6%  6%
[libx264 @ 0x7c7ec59180] Weighted P-Frames: Y:0.0% UV:0.0%
[libx264 @ 0x7c7ec59180] ref P L0: 77.4%  5.0% 12.4%  5.1%
[libx264 @ 0x7c7ec59180] ref B L0: 80.9% 16.0%  3.1%
[libx264 @ 0x7c7ec59180] ref B L1: 94.8%  5.2%
[libx264 @ 0x7c7ec59180] kb/s:110.91
