ffmpeg version 9.0.2 Copyright (c) 2000-2026 the FFmpeg developers
  built with Apple clang version 21.0.0 (clang-2100.3.34.2)
  configuration: --prefix=/opt/homebrew/Cellar/ffmpeg/9.0.2 --enable-shared --enable-pthreads --enable-version3 --cc=clang --host-cflags= --host-ldflags= --enable-ffplay --enable-gpl --enable-libsvtav1 --enable-libopus --enable-libx264 --enable-libmp3lame --enable-libdav1d --enable-libvmaf --enable-libvpx --enable-libx265 --enable-openssl --enable-videotoolbox --enable-audiotoolbox --enable-neon
  libavutil      61.  1.102 / 61.  1.102
  libavcodec     63.  1.102 / 63.  1.102
  libavformat    63.  1.102 / 63.  1.102
  libavdevice    63.  1.102 / 63.  1.102
  libavfilter    12.  1.102 / 12.  1.102
  libswscale     10.  1.102 / 10.  1.102
  libswresample   7.  1.102 /  7.  1.102
Input #0, concat, from '/private/tmp/art_movie_concat.txt':
  Duration: N/A, start: 0.000000, bitrate: N/A
  Stream #0:0: Video: png, rgb24(pc, gbr/bt709/iec61966-2-1), 504x896, 25 fps, 25 tbr, 25 tbn
Stream mapping:
  Stream #0:0 -> #0:0 (png (native) -> h264 (libx264))
Press [q] to stop, [?] for help
[libx264 @ 0x7999451180] using cpu capabilities: ARMv8 NEON DotProd I8MM
[libx264 @ 0x7999451180] profile High, level 3.1, 4:2:0, 8-bit
[libx264 @ 0x7999451180] 264 - core 165 r3222 b35605a - H.264/MPEG-4 AVC codec - Copyleft 2003-2025 - http://www.videolan.org/x264.html - options: cabac=1 ref=3 deblock=1:0:0 analyse=0x3:0x113 me=hex subme=7 psy=1 psy_rd=1.00:0.00 mixed_ref=1 me_range=16 chroma_me=1 trellis=1 8x8dct=1 cqm=0 deadzone=21,11 fast_pskip=1 chroma_qp_offset=-2 threads=15 lookahead_threads=2 sliced_threads=0 nr=0 decimate=1 interlaced=0 bluray_compat=0 constrained_intra=0 bframes=3 b_pyramid=2 b_adapt=1 b_bias=0 direct=1 weightb=1 open_gop=0 weightp=2 keyint=250 keyint_min=25 scenecut=40 intra_refresh=0 rc_lookahead=40 rc=crf mbtree=1 crf=19.0 qcomp=0.60 qpmin=0 qpmax=69 qpstep=4 ip_ratio=1.40 aq=1:1.00
Output #0, mp4, to '/private/tmp/willicat_art_pass_stage/artifacts/prototype_review/hybrid_cafe_art_direction_v1/WILLICAT_HYBRID_3D_CAFE_ART_DIRECTION_PASS_V1.mp4':
  Metadata:
    encoder         : Lavf63.1.102
  Stream #0:0: Video: h264 (avc1 / 0x31637661), yuv420p(tv, unknown/bt709/iec61966-2-1, progressive), 504x896, q=2-31, 25 fps, 12800 tbn
    Metadata:
      encoder         : Lavc63.1.102 libx264
    Side data:
      CPB properties: bitrate max/min/avg: 0/0/0 buffer size: 0 vbv_delay: N/A
frame=   25 fps=0.0 q=21.0 size=       0KiB time=00:00:02.36 bitrate=   0.2kbits/s speed=4.64x elapsed=0:00:00.50    [mp4 @ 0x7999408500] Starting second pass: moving the moov atom to the beginning of the file
[out#0/mp4 @ 0x79988100c0] video:204KiB audio:0KiB subtitle:0KiB other streams:0KiB global headers:0KiB muxing overhead: 1.581033%
frame=  140 fps=0.0 q=-1.0 Lsize=     207KiB time=00:00:14.48 bitrate= 117.2kbits/s speed=18.8x elapsed=0:00:00.77    
[libx264 @ 0x7999451180] frame I:1     Avg QP: 8.06  size:121163
[libx264 @ 0x7999451180] frame P:42    Avg QP:10.04  size:  1011
[libx264 @ 0x7999451180] frame B:97    Avg QP:14.40  size:   460
[libx264 @ 0x7999451180] consecutive B-frames:  5.7%  1.4% 12.9% 80.0%
[libx264 @ 0x7999451180] mb I  I16..4: 43.7% 12.1% 44.2%
[libx264 @ 0x7999451180] mb P  I16..4:  0.0%  0.0%  0.1%  P16..4:  1.2%  0.1%  0.2%  0.0%  0.0%    skip:98.3%
[libx264 @ 0x7999451180] mb B  I16..4:  0.0%  0.0%  0.0%  B16..8:  0.6%  0.1%  0.1%  direct: 0.1%  skip:99.0%  L0:48.5% L1:45.1% BI: 6.5%
[libx264 @ 0x7999451180] 8x8 transform intra:12.8% inter:22.1%
[libx264 @ 0x7999451180] coded y,uvDC,uvAC intra: 58.2% 60.2% 59.6% inter: 0.4% 0.6% 0.4%
[libx264 @ 0x7999451180] i16 v,h,dc,p: 95%  1%  4%  0%
[libx264 @ 0x7999451180] i8 v,h,dc,ddl,ddr,vr,hd,vl,hu: 12% 42% 15%  2%  4%  2% 10%  5%  8%
[libx264 @ 0x7999451180] i4 v,h,dc,ddl,ddr,vr,hd,vl,hu: 15% 33% 12%  4%  4%  4% 11%  7% 10%
[libx264 @ 0x7999451180] i8c dc,h,v,p: 60% 20% 15%  5%
[libx264 @ 0x7999451180] Weighted P-Frames: Y:0.0% UV:0.0%
[libx264 @ 0x7999451180] ref P L0: 62.5%  3.6% 15.7% 18.1%
[libx264 @ 0x7999451180] ref B L0: 78.1% 19.2%  2.8%
[libx264 @ 0x7999451180] ref B L1: 89.6% 10.4%
[libx264 @ 0x7999451180] kb/s:112.55
